ARM Linker, 5.03 [Build 69] [MDK-ARM Standard]

==============================================================================

Section Cross References

    system_stm32f10x.o(.text) refers to system_stm32f10x.o(.data) for SystemCoreClock
    startup_stm32f10x_hd.o(RESET) refers to startup_stm32f10x_hd.o(.text) for Reset_Handler
    startup_stm32f10x_hd.o(RESET) refers to stm32f10x_it.o(.text) for NMI_Handler
    startup_stm32f10x_hd.o(.text) refers to startup_stm32f10x_hd.o(STACK) for __initial_sp
    startup_stm32f10x_hd.o(.text) refers to entry.o(.ARM.Collect$$$$00000000) for __main
    main.o(.text) refers to stm32f10x_gpio.o(.text) for GPIO_Init
    main.o(.text) refers to stm32f10x_exti.o(.text) for EXTI_Init
    main.o(.text) refers to misc.o(.text) for NVIC_Init
    main.o(.text) refers to cpu_a.o(.text) for CPU_IntDis
    main.o(.text) refers to utboard.o(.text) for utInitInt
    main.o(.text) refers to utosal.o(.text) for utInitSys
    main.o(.text) refers to can_network.o(.text) for can_Init
    main.o(.text) refers to iobus.o(.text) for iobus_init
    main.o(.text) refers to dspin.o(.text) for dSPIN_Peripherals_Init
    main.o(.text) refers to motor.o(.text) for motor_init_set
    main.o(.text) refers to encoder.o(.text) for ENC_Init
    main.o(.text) refers to utprt.o(.text) for utPrt
    main.o(.text) refers to flash.o(.text) for DetectCal
    main.o(.text) refers to utmcu.o(.text) for utDelay1s
    main.o(.text) refers to utosal.o(.data) for stInt
    main.o(.text) refers to can_configure.o(.data) for can_parameter
    stm32f10x_it.o(.text) refers to utosal.o(.text) for utOsalTimerUpdate
    stm32f10x_it.o(.text) refers to can_network.o(.text) for can_ISR
    stm32f10x_it.o(.text) refers to stm32f10x_exti.o(.text) for EXTI_GetITStatus
    stm32f10x_it.o(.text) refers to utprt.o(.text) for utPrt
    stm32f10x_it.o(.text) refers to iobus.o(.bss) for IOBUSA_TCB
    utmcu.o(.text) refers to stm32f10x_gpio.o(.text) for GPIO_Init
    utmcu.o(.text) refers to stm32f10x_rcc.o(.text) for RCC_DeInit
    utmcu.o(.text) refers to stm32f10x_flash.o(.text) for FLASH_PrefetchBufferCmd
    utmcu.o(.text) refers to stm32f10x_tim.o(.text) for TIM_TimeBaseInit
    utmcu.o(.text) refers to misc.o(.text) for SysTick_CLKSourceConfig
    utmcu.o(.text) refers to stm32f10x_iwdg.o(.text) for IWDG_WriteAccessCmd
    utmcu.o(.text) refers to utmcu.o(.data) for GPIOX
    utmcu.o(.text) refers to utprt.o(.text) for utPtbx
    utmcu.o(.text) refers to utprt.o(.data) for utpPtb
    utosal.o(.text) refers to cpu_a.o(.text) for CPU_IntDis
    utosal.o(.text) refers to utmcu.o(.text) for utInitCpuClk
    utosal.o(.text) refers to utboard.o(.text) for utInitDebug
    utosal.o(.text) refers to utevtproc.o(.text) for ut1msProc
    utosal.o(.text) refers to printf1.o(i.__0sprintf$1) for __2sprintf
    utosal.o(.text) refers to utprt.o(.text) for utPtn
    utosal.o(.text) refers to utosal.o(.data) for ut1ms
    utosal.o(.text) refers to utboard.o(.bss) for str
    utboard.o(.text) refers to stm32f10x_rcc.o(.text) for RCC_APB2PeriphClockCmd
    utboard.o(.text) refers to stm32f10x_gpio.o(.text) for GPIO_Init
    utboard.o(.text) refers to stm32f10x_usart.o(.text) for USART_Init
    utboard.o(.text) refers to misc.o(.text) for NVIC_SetVectorTable
    utboard.o(.text) refers to utevtproc.o(.text) for utInitVariable
    utboard.o(.text) refers to uttest.o(.text) for test
    utevtproc.o(.text) refers to utprt.o(.text) for utPtn
    utevtproc.o(.text) refers to dspin.o(.text) for dSPIN_Go_To
    utevtproc.o(.text) refers to motor.o(.text) for sampler_get_motor_state
    utevtproc.o(.text) refers to dfltui.o(.text) for __aeabi_ui2d
    utevtproc.o(.text) refers to dmul.o(.text) for __aeabi_dmul
    utevtproc.o(.text) refers to dfixui.o(.text) for __aeabi_d2uiz
    utevtproc.o(.text) refers to utmcu.o(.text) for utDelay1ms
    utevtproc.o(.text) refers to tmcs_bsp.o(.text) for tmcs_bsp_rfsn
    utevtproc.o(.text) refers to can_receive.o(.text) for can_receive_process
    utevtproc.o(.text) refers to encoder.o(.text) for ENC_Deal
    utevtproc.o(.text) refers to printf1.o(i.__0sprintf$1) for __2sprintf
    utevtproc.o(.text) refers to utevtproc.o(.data) for st
    utevtproc.o(.text) refers to utosal.o(.data) for ut1ms
    utevtproc.o(.text) refers to utmcu.o(.data) for GPIOX_LP
    utevtproc.o(.text) refers to utboard.o(.bss) for str
    utprt.o(.text) refers to cpu_a.o(.text) for CPU_IntDis
    utprt.o(.text) refers to utmcu.o(.text) for utDelay1ms
    utprt.o(.text) refers to utmcu.o(.data) for GPIOX_PT
    utprt.o(.text) refers to utosal.o(.data) for stInt
    utprt.o(.text) refers to utprt.o(.data) for utpPtb
    encoder.o(.text) refers to stm32f10x_rcc.o(.text) for RCC_APB1PeriphClockCmd
    encoder.o(.text) refers to stm32f10x_gpio.o(.text) for GPIO_Init
    encoder.o(.text) refers to stm32f10x_exti.o(.text) for EXTI_Init
    encoder.o(.text) refers to misc.o(.text) for NVIC_Init
[...]
    ..\Code\Iobus\Iobus.c                    0x00000000   Number         0  iobus.o ABSOLUTE
    ..\Code\Motor\motor.c                    0x00000000   Number         0  motor.o ABSOLUTE
    ..\Code\Motor\motor_cal.c                0x00000000   Number         0  motor_cal.o ABSOLUTE
    ..\Code\Motor\motor_config.c             0x00000000   Number         0  motor_config.o ABSOLUTE
    ..\Code\PROCESS\Tmcs_process.c           0x00000000   Number         0  tmcs_process.o ABSOLUTE
    ..\Code\dSPIN\dSPIN.c                    0x00000000   Number         0  dspin.o ABSOLUTE
    ..\McuHal\utBoard\utBoard.c              0x00000000   Number         0  utboard.o ABSOLUTE
    ..\McuHal\utBoard\utTest.c               0x00000000   Number         0  uttest.o ABSOLUTE
    ..\McuHal\utEvtProc\utEvtProc.c          0x00000000   Number         0  utevtproc.o ABSOLUTE
    ..\McuHal\utMcu\cpu_a.asm                0x00000000   Number         0  cpu_a.o ABSOLUTE
    ..\McuHal\utMcu\utMcu.c                  0x00000000   Number         0  utmcu.o ABSOLUTE
    ..\USER\Startup\src\core_cm3.c           0x00000000   Number         0  core_cm3.o ABSOLUTE
    ..\USER\Startup\src\startup_stm32f10x_hd.s 0x00000000   Number         0  startup_stm32f10x_hd.o ABSOLUTE
    ..\USER\Startup\src\system_stm32f10x.c   0x00000000   Number         0  system_stm32f10x.o ABSOLUTE
    ..\USER\main.c                           0x00000000   Number         0  main.o ABSOLUTE
    ..\USER\stm32f10x_it.c                   0x00000000   Number         0  stm32f10x_it.o ABSOLUTE
    ..\\USER\\Startup\\src\\core_cm3.c       0x00000000   Number         0  core_cm3.o ABSOLUTE
    ..\utLIB\utOsal\utOsal.c                 0x00000000   Number         0  utosal.o ABSOLUTE
    ..\utLIB\utPrt\utPrt.c                   0x00000000   Number         0  utprt.o ABSOLUTE
    StdPeriphDriver\\src\\misc.c             0x00000000   Number         0  misc.o ABSOLUTE
    StdPeriphDriver\\src\\stm32f10x_can.c    0x00000000   Number         0  stm32f10x_can.o ABSOLUTE
    StdPeriphDriver\\src\\stm32f10x_exti.c   0x00000000   Number         0  stm32f10x_exti.o ABSOLUTE
    StdPeriphDriver\\src\\stm32f10x_flash.c  0x00000000   Number         0  stm32f10x_flash.o ABSOLUTE
    StdPeriphDriver\\src\\stm32f10x_gpio.c   0x00000000   Number         0  stm32f10x_gpio.o ABSOLUTE
    StdPeriphDriver\\src\\stm32f10x_iwdg.c   0x00000000   Number         0  stm32f10x_iwdg.o ABSOLUTE
    StdPeriphDriver\\src\\stm32f10x_rcc.c    0x00000000   Number         0  stm32f10x_rcc.o ABSOLUTE
    StdPeriphDriver\\src\\stm32f10x_spi.c    0x00000000   Number         0  stm32f10x_spi.o ABSOLUTE
    StdPeriphDriver\\src\\stm32f10x_tim.c    0x00000000   Number         0  stm32f10x_tim.o ABSOLUTE
    StdPeriphDriver\\src\\stm32f10x_usart.c  0x00000000   Number         0  stm32f10x_usart.o ABSOLUTE
    StdPeriphDriver\src\misc.c               0x00000000   Number         0  misc.o ABSOLUTE
    StdPeriphDriver\src\stm32f10x_can.c      0x00000000   Number         0  stm32f10x_can.o ABSOLUTE
    StdPeriphDriver\src\stm32f10x_exti.c     0x00000000   Number         0  stm32f10x_exti.o ABSOLUTE
    StdPeriphDriver\src\stm32f10x_flash.c    0x00000000   Number         0  stm32f10x_flash.o ABSOLUTE
    StdPeriphDriver\src\stm32f10x_gpio.c     0x00000000   Number         0  stm32f10x_gpio.o ABSOLUTE
    StdPeriphDriver\src\stm32f10x_iwdg.c     0x00000000   Number         0  stm32f10x_iwdg.o ABSOLUTE
    StdPeriphDriver\src\stm32f10x_rcc.c      0x00000000   Number         0  stm32f10x_rcc.o ABSOLUTE
    StdPeriphDriver\src\stm32f10x_spi.c      0x00000000   Number         0  stm32f10x_spi.o ABSOLUTE
    StdPeriphDriver\src\stm32f10x_tim.c      0x00000000   Number         0  stm32f10x_tim.o ABSOLUTE
    StdPeriphDriver\src\stm32f10x_usart.c    0x00000000   Number         0  stm32f10x_usart.o ABSOLUTE
    cdrcmple.s                               0x00000000   Number         0  cdrcmple.o ABSOLUTE
    cfcmple.s                                0x00000000   Number         0  cfcmple.o ABSOLUTE
    dc.s                                     0x00000000   Number         0  dc.o ABSOLUTE
    handlers.s                               0x00000000   Number         0  handlers.o ABSOLUTE
    init.s                                   0x00000000   Number         0  init.o ABSOLUTE
    RESET                                    0x08002000   Section      304  startup_stm32f10x_hd.o(RESET)
    .ARM.Collect$$$$00000000                 0x08002130   Section        0  entry.o(.ARM.Collect$$$$00000000)
    .ARM.Collect$$$$00000001                 0x08002130   Section        4  entry2.o(.ARM.Collect$$$$00000001)
    .ARM.Collect$$$$00000004                 0x08002134   Section        4  entry5.o(.ARM.Collect$$$$00000004)
    .ARM.Collect$$$$00000008                 0x08002138   Section        0  entry7b.o(.ARM.Collect$$$$00000008)
    .ARM.Collect$$$$0000000A                 0x08002138   Section        0  entry8b.o(.ARM.Collect$$$$0000000A)
    .ARM.Collect$$$$0000000B                 0x08002138   Section        8  entry9a.o(.ARM.Collect$$$$0000000B)
    .ARM.Collect$$$$0000000D                 0x08002140   Section        0  entry10a.o(.ARM.Collect$$$$0000000D)
    .ARM.Collect$$$$0000000F                 0x08002140   Section        0  entry11a.o(.ARM.Collect$$$$0000000F)
    .ARM.Collect$$$$00002712                 0x08002140   Section        4  entry2.o(.ARM.Collect$$$$00002712)
    __lit__00000000                          0x08002140   Data           4  entry2.o(.ARM.Collect$$$$00002712)
    .text                                    0x08002144   Section       48  startup_stm32f10x_hd.o(.text)
    .text                                    0x08002174   Section        0  main.o(.text)
    .text                                    0x08002388   Section        0  stm32f10x_it.o(.text)
    .text                                    0x080024fc   Section        0  utmcu.o(.text)
    .text                                    0x08002730   Section       22  cpu_a.o(.text)
    .text                                    0x08002748   Section        0  utosal.o(.text)
    .text                                    0x08002a64   Section        0  utboard.o(.text)
    .text                                    0x08002be0   Section        0  uttest.o(.text)
    .text                                    0x08002c14   Section        0  utevtproc.o(.text)
    .text                                    0x08002fe8   Section        0  utprt.o(.text)
    hex2cha                                  0x08003115   Thumb Code    22  utprt.o(.text)
    .text                                    0x080033c4   Section        0  encoder.o(.text)
    .text                                    0x08003518   Section        0  dspin.o(.text)
    .text                                    0x08003db8   Section        0  motor.o(.text)
    .text                                    0x08004044   Section        0  motor_cal.o(.text)
    .text                                    0x080047f4   Section        0  can_network.o(.text)
    .text                                    0x080049a4   Section        0  can_receive.o(.text)
    .text                                    0x08005018   Section        0  tmcs_process.o(.text)
    .text                                    0x080059c4   Section        0  flash.o(.text)
    .text                                    0x08005c64   Section        0  tmcs_bsp.o(.text)
    .text                                    0x080063ac   Section        0  iobus.o(.text)
    .text                                    0x08006bbc   Section        0  misc.o(.text)
    .text                                    0x08006c98   Section        0  stm32f10x_can.o(.text)
    CheckITStatus                            0x080072c3   Thumb Code    16  stm32f10x_can.o(.text)
    .text                                    0x08007468   Section        0  stm32f10x_exti.o(.text)
    .text                                    0x08007584   Section        0  stm32f10x_flash.o(.text)
    .text                                    0x08007b58   Section        0  stm32f10x_gpio.o(.text)
    .text                                    0x08007eb0   Section        0  stm32f10x_iwdg.o(.text)
    .text                                    0x08007ef0   Section        0  stm32f10x_rcc.o(.text)
    .text                                    0x08008294   Section        0  stm32f10x_spi.o(.text)
    .text                                    0x080085a0   Section        0  stm32f10x_tim.o(.text)
    TI4_Config                               0x08008a47   Thumb Code    80  stm32f10x_tim.o(.text)
    TI3_Config                               0x08008aa9   Thumb Code    72  stm32f10x_tim.o(.text)
    TI2_Config                               0x08008b0b   Thumb Code    80  stm32f10x_tim.o(.text)
    TI1_Config                               0x08008b6d   Thumb Code    56  stm32f10x_tim.o(.text)
    .text                                    0x080092bc   Section        0  stm32f10x_usart.o(.text)
    .text                                    0x080096c4   Section        0  memcpya.o(.text)
    .text                                    0x080096e8   Section        0  fadd.o(.text)
    .text                                    0x08009798   Section        0  fmul.o(.text)
    .text                                    0x08009804   Section        0  fdiv.o(.text)
    .text                                    0x08009884   Section        0  dadd.o(.text)
    .text                                    0x080099d2   Section        0  dmul.o(.text)
    .text                                    0x08009ab6   Section        0  ddiv.o(.text)
    .text                                    0x08009b94   Section        0  ffltui.o(.text)
    .text                                    0x08009b9e   Section        0  dflti.o(.text)
    .text                                    0x08009bc0   Section        0  dfltui.o(.text)
    .text                                    0x08009bda   Section        0  dfixui.o(.text)
    .text                                    0x08009c0c   Section        0  f2d.o(.text)
    .text                                    0x08009c32   Section        0  d2f.o(.text)
    .text                                    0x08009c6c   Section       20  cfcmple.o(.text)
    .text                                    0x08009c80   Section        0  uidiv.o(.text)
    .text                                    0x08009cac   Section        0  llshl.o(.text)
    .text                                    0x08009cca   Section        0  llushr.o(.text)
    .text                                    0x08009cea   Section        0  llsshr.o(.text)
    .text                                    0x08009d0e   Section        0  fepilogue.o(.text)
    .text                                    0x08009d0e   Section        0  iusefp.o(.text)
    .text                                    0x08009d7a   Section        0  depilogue.o(.text)
    .text                                    0x08009e38   Section       40  cdrcmple.o(.text)
    .text                                    0x08009e60   Section       36  init.o(.text)
    .text                                    0x08009e84   Section        0  __dczerorl2.o(.text)
    i.__0sprintf$1                           0x08009ee0   Section        0  printf1.o(i.__0sprintf$1)
    i.__scatterload_copy                     0x08009f08   Section       14  handlers.o(i.__scatterload_copy)
    i.__scatterload_null                     0x08009f16   Section        2  handlers.o(i.__scatterload_null)
    i.__scatterload_zeroinit                 0x08009f18   Section       14  handlers.o(i.__scatterload_zeroinit)
    i._printf_core                           0x08009f28   Section        0  printf1.o(i._printf_core)
    _printf_core                             0x08009f29   Thumb Code   334  printf1.o(i._printf_core)
    i._sputc                                 0x0800a07c   Section        0  printf1.o(i._sputc)
    _sputc                                   0x0800a07d   Thumb Code    10  printf1.o(i._sputc)
    i.floor                                  0x0800a088   Section        0  floor.o(i.floor)
    .constdata                               0x0800a164   Section      108  iobus.o(.constdata)
    .data                                    0x20000000   Section       18  utmcu.o(.data)
    .data                                    0x20000014   Section       40  utosal.o(.data)
    cntFstTicks                              0x2000001c   Data           4  utosal.o(.data)
    cntTicks                                 0x20000020   Data           4  utosal.o(.data)
    Itime                                    0x20000024   Data           4  utosal.o(.data)
    st                                       0x20000028   Data           2  utosal.o(.data)
    evtSys                                   0x2000002c   Data           4  utosal.o(.data)
    utEvtInput                               0x20000030   Data           4  utosal.o(.data)
    utEvtOutput                              0x20000034   Data           4  utosal.o(.data)
    utFlag                                   0x20000038   Data           4  utosal.o(.data)
    .data                                    0x2000003c   Section       84  utevtproc.o(.data)
    i                                        0x20000080   Data           4  utevtproc.o(.data)
    j                                        0x20000084   Data           4  utevtproc.o(.data)
    flag                                     0x20000088   Data           1  utevtproc.o(.data)
    Total_Time                               0x2000008a   Data           2  utevtproc.o(.data)
    Step_Count                               0x2000008c   Data           2  utevtproc.o(.data)
    st                                       0x2000008e   Data           2  utevtproc.o(.data)
    .data                                    0x20000090   Section        4  utprt.o(.data)
    .data                                    0x20000094   Section      168  motor_config.o(.data)
    .data                                    0x2000013c   Section        3  can_receive.o(.data)
    .data                                    0x20000140   Section        4  can_configure.o(.data)
    .data                                    0x20000144   Section       10  tmcs_bsp.o(.data)
    dSPIN_Device                             0x20000146   Data           1  tmcs_bsp.o(.data)
    st                                       0x20000148   Data           2  tmcs_bsp.o(.data)
    dSPIN_Device                             0x2000014a   Data           1  tmcs_bsp.o(.data)
    st                                       0x2000014c   Data           2  tmcs_bsp.o(.data)
    .data                                    0x20000150   Section       48  iobus.o(.data)
    .data                                    0x20000180   Section       20  stm32f10x_rcc.o(.data)
    APBAHBPrescTable                         0x20000180   Data          16  stm32f10x_rcc.o(.data)
    ADCPrescTable                            0x20000190   Data           4  stm32f10x_rcc.o(.data)
    .bss                                     0x20000194   Section      100  utboard.o(.bss)
    .bss                                     0x200001f8   Section       48  motor.o(.bss)
    .bss                                     0x20000228   Section       52  can_network.o(.bss)
    .bss                                     0x2000025c   Section       20  can_receive.o(.bss)
    .bss                                     0x20000270   Section     1440  tmcs_process.o(.bss)
    .bss                                     0x20000810   Section     1632  flash.o(.bss)
    .bss                                     0x20000e70   Section       24  iobus.o(.bss)
    STACK                                    0x20000e88   Section      512  startup_stm32f10x_hd.o(STACK)

    Global Symbols

    Symbol Name                              Value     Ov Type        Size  Object(Section)

    BuildAttributes$$THM_ISAv4$P$D$K$B$S$PE$A:L22UL41UL21$X:L11$S22US41US21$IEEE1$IW$USESV6$~STKCKD$USESV7$~SHL$OTIME$ROPI$IEEEJ$EBA8$MICROLIB$REQ8$PRES8$EABIv2 0x00000000   Number         0  anon$$obj.o ABSOLUTE
    __ARM_use_no_argv                        0x00000000   Number         0  main.o ABSOLUTE
    _printf_a                                0x00000000   Number         0  stubs.o ABSOLUTE
    _printf_c                                0x00000000   Number         0  stubs.o ABSOLUTE
    _printf_charcount                        0x00000000   Number         0  stubs.o ABSOLUTE
    _printf_d                                0x00000000   Number         0  stubs.o ABSOLUTE
    _printf_e                                0x00000000   Number         0  stubs.o ABSOLUTE
    _printf_f                                0x00000000   Number         0  stubs.o ABSOLUTE
    _printf_flags                            0x00000000   Number         0  stubs.o ABSOLUTE
    _printf_fp_dec                           0x00000000   Number         0  stubs.o ABSOLUTE
    _printf_fp_hex                           0x00000000   Number         0  stubs.o ABSOLUTE
    _printf_g                                0x00000000   Number         0  stubs.o ABSOLUTE
    _printf_i                                0x00000000   Number         0  stubs.o ABSOLUTE
    _printf_int_dec                          0x00000000   Number         0  stubs.o ABSOLUTE
    _printf_l                                0x00000000   Number         0  stubs.o ABSOLUTE
    _printf_lc                               0x00000000   Number         0  stubs.o ABSOLUTE
    _printf_ll                               0x00000000   Number         0  stubs.o ABSOLUTE
    _printf_lld                              0x00000000   Number         0  stubs.o ABSOLUTE
    _printf_lli                              0x00000000   Number         0  stubs.o ABSOLUTE
    _printf_llo                              0x00000000   Number         0  stubs.o ABSOLUTE
    _printf_llu                              0x00000000   Number         0  stubs.o ABSOLUTE
    _printf_llx                              0x00000000   Number         0  stubs.o ABSOLUTE
    _printf_longlong_dec                     0x00000000   Number         0  stubs.o ABSOLUTE
    _printf_longlong_hex                     0x00000000   Number         0  stubs.o ABSOLUTE
    _printf_longlong_oct                     0x00000000   Number         0  stubs.o ABSOLUTE
    _printf_ls                               0x00000000   Number         0  stubs.o ABSOLUTE
    _printf_mbtowc                           0x00000000   Number         0  stubs.o ABSOLUTE
    _printf_n                                0x00000000   Number         0  stubs.o ABSOLUTE
    _printf_o                                0x00000000   Number         0  stubs.o ABSOLUTE
    _printf_p                                0x00000000   Number         0  stubs.o ABSOLUTE
    _printf_percent                          0x00000000   Number         0  stubs.o ABSOLUTE
    _printf_pre_padding                      0x00000000   Number         0  stubs.o ABSOLUTE
    _printf_return_value                     0x00000000   Number         0  stubs.o ABSOLUTE
    _printf_s                                0x00000000   Number         0  stubs.o ABSOLUTE
    _printf_sizespec                         0x00000000   Number         0  stubs.o ABSOLUTE
    _printf_str                              0x00000000   Number         0  stubs.o ABSOLUTE
    _printf_truncate_signed                  0x00000000   Number         0  stubs.o ABSOLUTE
    _printf_truncate_unsigned                0x00000000   Number         0  stubs.o ABSOLUTE
    _printf_u                                0x00000000   Number         0  stubs.o ABSOLUTE
    _printf_wc                               0x00000000   Number         0  stubs.o ABSOLUTE
    _printf_wctomb                           0x00000000   Number         0  stubs.o ABSOLUTE
    _printf_widthprec                        0x00000000   Number         0  stubs.o ABSOLUTE
    _printf_x                                0x00000000   Number         0  stubs.o ABSOLUTE
    __cpp_initialize__aeabi_                  - Undefined Weak Reference
    __cxa_finalize                            - Undefined Weak Reference
    _clock_init                               - Undefined Weak Reference
    _microlib_exit                            - Undefined Weak Reference
    __Vectors_Size                           0x00000130   Number         0  startup_stm32f10x_hd.o ABSOLUTE
    __Vectors                                0x08002000   Data           4  startup_stm32f10x_hd.o(RESET)
    __Vectors_End                            0x08002130   Data           0  startup_stm32f10x_hd.o(RESET)
    __main                                   0x08002131   Thumb Code     0  entry.o(.ARM.Collect$$$$00000000)
    _main_stk                                0x08002131   Thumb Code     0  entry2.o(.ARM.Collect$$$$00000001)
    _main_scatterload                        0x08002135   Thumb Code     0  entry5.o(.ARM.Collect$$$$00000004)
    __main_after_scatterload                 0x08002139   Thumb Code     0  entry5.o(.ARM.Collect$$$$00000004)
    _main_clock                              0x08002139   Thumb Code     0  entry7b.o(.ARM.Collect$$$$00000008)
    _main_cpp_init                           0x08002139   Thumb Code     0  entry8b.o(.ARM.Collect$$$$0000000A)
    _main_init                               0x08002139   Thumb Code     0  entry9a.o(.ARM.Collect$$$$0000000B)
    __rt_final_cpp                           0x08002141   Thumb Code     0  entry10a.o(.ARM.Collect$$$$0000000D)
    __rt_final_exit                          0x08002141   Thumb Code     0  entry11a.o(.ARM.Collect$$$$0000000F)
    SystemInit_ExtMemCtl                     0x08002145   Thumb Code     2  startup_stm32f10x_hd.o(.text)
    Reset_Handler                            0x08002147   Thumb Code    14  startup_stm32f10x_hd.o(.text)
    PendSV_Handler                           0x08002163   Thumb Code     2  startup_stm32f10x_hd.o(.text)
    ADC1_2_IRQHandler                        0x08002167   Thumb Code     0  startup_stm32f10x_hd.o(.text)
    ADC3_IRQHandler                          0x08002167   Thumb Code     0  startup_stm32f10x_hd.o(.text)
    CAN1_RX1_IRQHandler                      0x08002167   Thumb Code     0  startup_stm32f10x_hd.o(.text)
    CAN1_SCE_IRQHandler                      0x08002167   Thumb Code     0  startup_stm32f10x_hd.o(.text)
    DMA1_Channel1_IRQHandler                 0x08002167   Thumb Code     0  startup_stm32f10x_hd.o(.text)
    DMA1_Channel2_IRQHandler                 0x08002167   Thumb Code     0  startup_stm32f10x_hd.o(.text)
    DMA1_Channel3_IRQHandler                 0x08002167   Thumb Code     0  startup_stm32f10x_hd.o(.text)
    DMA1_Channel4_IRQHandler                 0x08002167   Thumb Code     0  startup_stm32f10x_hd.o(.text)
    DMA1_Channel5_IRQHandler                 0x08002167   Thumb Code     0  startup_stm32f10x_hd.o(.text)
    DMA1_Channel6_IRQHandler                 0x08002167   Thumb Code     0  startup_stm32f10x_hd.o(.text)
    DMA1_Channel7_IRQHandler                 0x08002167   Thumb Code     0  startup_stm32f10x_hd.o(.text)
    DMA2_Channel1_IRQHandler                 0x08002167   Thumb Code     0  startup_stm32f10x_hd.o(.text)
    DMA2_Channel2_IRQHandler                 0x08002167   Thumb Code     0  startup_stm32f10x_hd.o(.text)
    DMA2_Channel3_IRQHandler                 0x08002167   Thumb Code     0  startup_stm32f10x_hd.o(.text)
    DMA2_Channel4_5_IRQHandler               0x08002167   Thumb Code     0  startup_stm32f10x_hd.o(.text)
    FLASH_IRQHandler                         0x08002167   Thumb Code     0  startup_stm32f10x_hd.o(.text)
    FSMC_IRQHandler                          0x08002167   Thumb Code     0  startup_stm32f10x_hd.o(.text)
    I2C1_ER_IRQHandler                       0x08002167   Thumb Code     0  startup_stm32f10x_hd.o(.text)
    I2C1_EV_IRQHandler                       0x08002167   Thumb Code     0  startup_stm32f10x_hd.o(.text)
    I2C2_ER_IRQHandler                       0x08002167   Thumb Code     0  startup_stm32f10x_hd.o(.text)
    I2C2_EV_IRQHandler                       0x08002167   Thumb Code     0  startup_stm32f10x_hd.o(.text)
    PVD_IRQHandler                           0x08002167   Thumb Code     0  startup_stm32f10x_hd.o(.text)
    RCC_IRQHandler                           0x08002167   Thumb Code     0  startup_stm32f10x_hd.o(.text)
    RTCAlarm_IRQHandler                      0x08002167   Thumb Code     0  startup_stm32f10x_hd.o(.text)
    RTC_IRQHandler                           0x08002167   Thumb Code     0  startup_stm32f10x_hd.o(.text)
    SPI1_IRQHandler                          0x08002167   Thumb Code     0  startup_stm32f10x_hd.o(.text)
    SPI2_IRQHandler                          0x08002167   Thumb Code     0  startup_stm32f10x_hd.o(.text)
    SPI3_IRQHandler                          0x08002167   Thumb Code     0  startup_stm32f10x_hd.o(.text)
    TAMPER_IRQHandler                        0x08002167   Thumb Code     0  startup_stm32f10x_hd.o(.text)
    TIM1_BRK_IRQHandler                      0x08002167   Thumb Code     0  startup_stm32f10x_hd.o(.text)
    TIM1_CC_IRQHandler                       0x08002167   Thumb Code     0  startup_stm32f10x_hd.o(.text)
    TIM1_TRG_COM_IRQHandler                  0x08002167   Thumb Code     0  startup_stm32f10x_hd.o(.text)
    TIM1_UP_IRQHandler                       0x08002167   Thumb Code     0  startup_stm32f10x_hd.o(.text)
    TIM2_IRQHandler                          0x08002167   Thumb Code     0  startup_stm32f10x_hd.o(.text)
    TIM3_IRQHandler                          0x08002167   Thumb Code     0  startup_stm32f10x_hd.o(.text)
    TIM4_IRQHandler                          0x08002167   Thumb Code     0  startup_stm32f10x_hd.o(.text)
    TIM5_IRQHandler                          0x08002167   Thumb Code     0  startup_stm32f10x_hd.o(.text)
    TIM6_IRQHandler                          0x08002167   Thumb Code     0  startup_stm32f10x_hd.o(.text)
    TIM7_IRQHandler                          0x08002167   Thumb Code     0  startup_stm32f10x_hd.o(.text)
    TIM8_BRK_IRQHandler                      0x08002167   Thumb Code     0  startup_stm32f10x_hd.o(.text)
    TIM8_CC_IRQHandler                       0x08002167   Thumb Code     0  startup_stm32f10x_hd.o(.text)
    TIM8_TRG_COM_IRQHandler                  0x08002167   Thumb Code     0  startup_stm32f10x_hd.o(.text)
    TIM8_UP_IRQHandler                       0x08002167   Thumb Code     0  startup_stm32f10x_hd.o(.text)
    UART4_IRQHandler                         0x08002167   Thumb Code     0  startup_stm32f10x_hd.o(.text)
    UART5_IRQHandler                         0x08002167   Thumb Code     0  startup_stm32f10x_hd.o(.text)
    USART1_IRQHandler                        0x08002167   Thumb Code     0  startup_stm32f10x_hd.o(.text)
    USART2_IRQHandler                        0x08002167   Thumb Code     0  startup_stm32f10x_hd.o(.text)
    USART3_IRQHandler                        0x08002167   Thumb Code     0  startup_stm32f10x_hd.o(.text)
    USBWakeUp_IRQHandler                     0x08002167   Thumb Code     0  startup_stm32f10x_hd.o(.text)
    WWDG_IRQHandler                          0x08002167   Thumb Code     0  startup_stm32f10x_hd.o(.text)
    xxxx                                     0x08002175   Thumb Code    94  main.o(.text)
    main                                     0x080021d3   Thumb Code   158  main.o(.text)
    NMI_Handler                              0x08002389   Thumb Code     2  stm32f10x_it.o(.text)
    HardFault_Handler                        0x0800238b   Thumb Code     4  stm32f10x_it.o(.text)
    MemManage_Handler                        0x0800238f   Thumb Code     4  stm32f10x_it.o(.text)
    BusFault_Handler                         0x08002393   Thumb Code     4  stm32f10x_it.o(.text)
    UsageFault_Handler                       0x08002397   Thumb Code     4  stm32f10x_it.o(.text)
    SVC_Handler                              0x0800239b   Thumb Code     2  stm32f10x_it.o(.text)
    DebugMon_Handler                         0x0800239d   Thumb Code     2  stm32f10x_it.o(.text)
    SysTick_Handler                          0x0800239f   Thumb Code     8  stm32f10x_it.o(.text)
    USB_HP_CAN1_TX_IRQHandler                0x080023a7   Thumb Code     2  stm32f10x_it.o(.text)
    USB_LP_CAN1_RX0_IRQHandler               0x080023a9   Thumb Code     8  stm32f10x_it.o(.text)
    SDIO_IRQHandler                          0x080023b1   Thumb Code     2  stm32f10x_it.o(.text)
    EXTI0_IRQHandler                         0x080023b3   Thumb Code    24  stm32f10x_it.o(.text)
    EXTI1_IRQHandler                         0x080023cb   Thumb Code    24  stm32f10x_it.o(.text)
    EXTI2_IRQHandler                         0x080023e3   Thumb Code    24  stm32f10x_it.o(.text)
    EXTI3_IRQHandler                         0x080023fb   Thumb Code    32  stm32f10x_it.o(.text)
    EXTI4_IRQHandler                         0x0800241b   Thumb Code    32  stm32f10x_it.o(.text)
    EXTI9_5_IRQHandler                       0x0800243b   Thumb Code    60  stm32f10x_it.o(.text)
    EXTI15_10_IRQHandler                     0x08002477   Thumb Code    12  stm32f10x_it.o(.text)
    utDelay1us                               0x080024fd   Thumb Code    28  utmcu.o(.text)
    utDelay1ms                               0x08002519   Thumb Code    38  utmcu.o(.text)
    utDelay1s                                0x0800253f   Thumb Code    42  utmcu.o(.text)
    utInitLamp                               0x08002569   Thumb Code    58  utmcu.o(.text)
    utInitCpuClk                             0x080025a3   Thumb Code   150  utmcu.o(.text)
    utInitPrt                                0x08002639   Thumb Code   130  utmcu.o(.text)
    utInitOsalClk                            0x080026bb   Thumb Code    46  utmcu.o(.text)
    utInitWatchDog                           0x080026e9   Thumb Code    32  utmcu.o(.text)
    CPU_IntDis                               0x08002731   Thumb Code     0  cpu_a.o(.text)
    CPU_IntEn                                0x08002735   Thumb Code     0  cpu_a.o(.text)
    CPU_SR_Save                              0x08002739   Thumb Code     0  cpu_a.o(.text)
    CPU_SR_Restore                           0x08002741   Thumb Code     0  cpu_a.o(.text)
    utOsalTimerUpdate                        0x08002749   Thumb Code   130  utosal.o(.text)
    utInitSys                                0x080027cb   Thumb Code    20  utosal.o(.text)
    utStartOS                                0x080027df   Thumb Code   210  utosal.o(.text)
    utSetInputEvt                            0x080028b1   Thumb Code    46  utosal.o(.text)
    utClrInputEvt                            0x080028df   Thumb Code    34  utosal.o(.text)
    utIsInputEvt                             0x08002901   Thumb Code    16  utosal.o(.text)
    utSetOutputEvt                           0x08002911   Thumb Code    46  utosal.o(.text)
    utClrOutputEvt                           0x0800293f   Thumb Code    34  utosal.o(.text)
    utIsOutputEvt                            0x08002961   Thumb Code    16  utosal.o(.text)
    utSetFlag                                0x08002971   Thumb Code    34  utosal.o(.text)
    utClrFlag                                0x08002993   Thumb Code    34  utosal.o(.text)
    utIsFlag                                 0x080029b5   Thumb Code    16  utosal.o(.text)
    utSleep                                  0x080029c5   Thumb Code    88  utosal.o(.text)
    inituartIO                               0x08002a65   Thumb Code    62  utboard.o(.text)
    USART1_Config                            0x08002aa3   Thumb Code    66  utboard.o(.text)
    utInitDebug                              0x08002ae5   Thumb Code    18  utboard.o(.text)
    fputc                                    0x08002af7   Thumb Code    32  utboard.o(.text)
    utInitUart3                              0x08002b17   Thumb Code   144  utboard.o(.text)
    utInitIO                                 0x08002ba7   Thumb Code     2  utboard.o(.text)
    utInitInt                                0x08002ba9   Thumb Code    22  utboard.o(.text)
    utInitBoard                              0x08002bbf   Thumb Code    16  utboard.o(.text)
    utPtb1                                   0x08002be1   Thumb Code    20  uttest.o(.text)
    utPtb3                                   0x08002bf5   Thumb Code    20  uttest.o(.text)
    test                                     0x08002c09   Thumb Code     2  uttest.o(.text)
    multi_point_test                         0x08002c15   Thumb Code   640  utevtproc.o(.text)
    utInitVariable                           0x08002e95   Thumb Code     2  utevtproc.o(.text)
    ut1msProc                                0x08002e97   Thumb Code     2  utevtproc.o(.text)
    ut10msProc                               0x08002e99   Thumb Code    16  utevtproc.o(.text)
    ut100msProc                              0x08002ea9   Thumb Code     8  utevtproc.o(.text)
    ut1sProc                                 0x08002eb1   Thumb Code    52  utevtproc.o(.text)
    utInputProc                              0x08002ee5   Thumb Code     2  utevtproc.o(.text)
    utOutputProc                             0x08002ee7   Thumb Code     2  utevtproc.o(.text)
    utPtbx                                   0x08002fe9   Thumb Code   210  utprt.o(.text)
    utPtb                                    0x080030bb   Thumb Code    14  utprt.o(.text)
    utPtc                                    0x080030c9   Thumb Code    26  utprt.o(.text)
    utPts                                    0x080030e3   Thumb Code    26  utprt.o(.text)
    utPtn                                    0x080030fd   Thumb Code    24  utprt.o(.text)
    utPrt                                    0x0800312b   Thumb Code   458  utprt.o(.text)
    utPrtwrg                                 0x080032f5   Thumb Code    20  utprt.o(.text)
    utCalClk1                                0x08003309   Thumb Code    88  utprt.o(.text)
    utCalClk10                               0x08003361   Thumb Code    10  utprt.o(.text)
    utTestPrt                                0x0800336b   Thumb Code    34  utprt.o(.text)
    ENC_Init                                 0x080033c5   Thumb Code   262  encoder.o(.text)
    ENC_Deal                                 0x080034cb   Thumb Code    18  encoder.o(.text)
    ENC_Clean                                0x080034dd   Thumb Code    22  encoder.o(.text)
    dSPIN_Peripherals_Init                   0x08003519   Thumb Code   438  dspin.o(.text)
    dSPIN_Reset_And_Standby                  0x080036cf   Thumb Code   178  dspin.o(.text)
    dSPIN_Interrupt_Channel_Config           0x08003781   Thumb Code   128  dspin.o(.text)
    dSPIN_Regs_Struct_Reset                  0x08003801   Thumb Code   118  dspin.o(.text)
    dSPIN_Write_Byte                         0x08003877   Thumb Code   182  dspin.o(.text)
    dSPIN_Set_Param                          0x0800392d   Thumb Code   118  dspin.o(.text)
    dSPIN_Registers_Set                      0x080039a3   Thumb Code   246  dspin.o(.text)
    dSPIN_Nop                                0x08003a99   Thumb Code    14  dspin.o(.text)
    dSPIN_Get_Param                          0x08003aa7   Thumb Code   148  dspin.o(.text)
    dSPIN_Run                                0x08003b3b   Thumb Code    48  dspin.o(.text)
    dSPIN_Step_Clock                         0x08003b6b   Thumb Code    18  dspin.o(.text)
    dSPIN_Move                               0x08003b7d   Thumb Code    48  dspin.o(.text)
    dSPIN_Go_To                              0x08003bad   Thumb Code    44  dspin.o(.text)
    dSPIN_Go_To_Dir                          0x08003bd9   Thumb Code    48  dspin.o(.text)
    dSPIN_Go_Until                           0x08003c09   Thumb Code    58  dspin.o(.text)
    dSPIN_Release_SW                         0x08003c43   Thumb Code    24  dspin.o(.text)
    dSPIN_Go_Home                            0x08003c5b   Thumb Code    14  dspin.o(.text)
    dSPIN_Go_Mark                            0x08003c69   Thumb Code    14  dspin.o(.text)
    dSPIN_Reset_Pos                          0x08003c77   Thumb Code    14  dspin.o(.text)
    dSPIN_Reset_Device                       0x08003c85   Thumb Code    14  dspin.o(.text)
    dSPIN_Soft_Stop                          0x08003c93   Thumb Code    14  dspin.o(.text)
    dSPIN_Hard_Stop                          0x08003ca1   Thumb Code    14  dspin.o(.text)
    dSPIN_Soft_HiZ                           0x08003caf   Thumb Code    14  dspin.o(.text)
    dSPIN_Hard_HiZ                           0x08003cbd   Thumb Code    14  dspin.o(.text)
    dSPIN_Get_Status                         0x08003ccb   Thumb Code    52  dspin.o(.text)
    dSPIN_Busy_HW                            0x08003cff   Thumb Code    78  dspin.o(.text)
    dSPIN_Busy_SW                            0x08003d4d   Thumb Code    24  dspin.o(.text)
    dSPIN_Flag                               0x08003d65   Thumb Code    78  dspin.o(.text)
    motor_init_set                           0x08003db9   Thumb Code   168  motor.o(.text)
    motor_param_set                          0x08003e61   Thumb Code   168  motor.o(.text)
    motor_erro_info                          0x08003f09   Thumb Code   116  motor.o(.text)
    sampler_get_motor_state                  0x08003f7d   Thumb Code    60  motor.o(.text)
    cal_kval_hold                            0x08004045   Thumb Code    86  motor_cal.o(.text)
    cal_kval_acc                             0x0800409b   Thumb Code    92  motor_cal.o(.text)
    cal_kval_dec                             0x080040f7   Thumb Code    92  motor_cal.o(.text)
    cal_st_slp                               0x08004153   Thumb Code    78  motor_cal.o(.text)
    cal_int_speed                            0x080041a1   Thumb Code   126  motor_cal.o(.text)
    cal_fn_slp_acc                           0x0800421f   Thumb Code   180  motor_cal.o(.text)
    cal_fn_slp_dec                           0x080042d3   Thumb Code   180  motor_cal.o(.text)
    cal_kval_run                             0x08004387   Thumb Code   694  motor_cal.o(.text)
    motor_set                                0x0800463d   Thumb Code   364  motor_cal.o(.text)
    SendCanMsg                               0x080047f5   Thumb Code    14  can_network.o(.text)
    can_Init                                 0x08004803   Thumb Code   268  can_network.o(.text)
    can_set_baudrate                         0x0800490f   Thumb Code   102  can_network.o(.text)
    can_ISR                                  0x08004975   Thumb Code    20  can_network.o(.text)
    can_sumcheck                             0x080049a5   Thumb Code    44  can_receive.o(.text)
    can_receive_process                      0x080049d1   Thumb Code   736  can_receive.o(.text)
    tmcs_ror                                 0x08005019   Thumb Code   112  tmcs_process.o(.text)
    tmcs_rol                                 0x08005089   Thumb Code   112  tmcs_process.o(.text)
    tmcs_msp                                 0x080050f9   Thumb Code    96  tmcs_process.o(.text)
    tmcs_mvp                                 0x08005159   Thumb Code   132  tmcs_process.o(.text)
    tmcs_sap                                 0x080051dd   Thumb Code   130  tmcs_process.o(.text)
    tmcs_stap                                0x0800525f   Thumb Code    14  tmcs_process.o(.text)
    tmcs_stgp                                0x0800526d   Thumb Code     8  tmcs_process.o(.text)
    tmcs_sco                                 0x08005275   Thumb Code   178  tmcs_process.o(.text)
    tmcs_gco                                 0x08005327   Thumb Code   138  tmcs_process.o(.text)
    tmcs_scos                                0x080053b1   Thumb Code   684  tmcs_process.o(.text)
    tmcs_gcos                                0x0800565d   Thumb Code   152  tmcs_process.o(.text)
    tmcs_stco                                0x080056f5   Thumb Code    14  tmcs_process.o(.text)
    tmcs_stcos                               0x08005703   Thumb Code    14  tmcs_process.o(.text)
    tmcs_sio                                 0x08005711   Thumb Code   134  tmcs_process.o(.text)
    tmcs_gio                                 0x08005797   Thumb Code    78  tmcs_process.o(.text)
    tmcs_sioi                                0x080057e5   Thumb Code   170  tmcs_process.o(.text)
    tmcs_rfs                                 0x0800588f   Thumb Code    76  tmcs_process.o(.text)
    utStoreData                              0x080059c5   Thumb Code   118  flash.o(.text)
    utGetData                                0x08005a3b   Thumb Code    44  flash.o(.text)
    utIsStored                               0x08005a67   Thumb Code    22  flash.o(.text)
    DetectCal                                0x08005a7d   Thumb Code   206  flash.o(.text)
    save_value                               0x08005b4b   Thumb Code   204  flash.o(.text)
    tmcs_bsp_ror                             0x08005c65   Thumb Code    56  tmcs_bsp.o(.text)
    tmcs_bsp_rol                             0x08005c9d   Thumb Code    56  tmcs_bsp.o(.text)
    tmcs_bsp_msp                             0x08005cd5   Thumb Code    58  tmcs_bsp.o(.text)
    tmcs_bsp_sap                             0x08005d0f   Thumb Code   362  tmcs_bsp.o(.text)
    tmcs_bsp_abs                             0x08005e79   Thumb Code    70  tmcs_bsp.o(.text)
    tmcs_bsp_rel                             0x08005ebf   Thumb Code   122  tmcs_bsp.o(.text)
    tmcs_bsp_rfsn                            0x08005f39   Thumb Code   226  tmcs_bsp.o(.text)
    tmcs_bsp_rfsc                            0x0800601b   Thumb Code   836  tmcs_bsp.o(.text)
    iobus_tcb_init                           0x080063ad   Thumb Code    74  iobus.o(.text)
    iobus_en_init                            0x080063f7   Thumb Code    94  iobus.o(.text)
    iobus_sub_init                           0x08006455   Thumb Code   236  iobus.o(.text)
    iobus_nvic_init                          0x08006541   Thumb Code   244  iobus.o(.text)
    iobus_init                               0x08006635   Thumb Code    20  iobus.o(.text)
    iobus_mode                               0x08006649   Thumb Code   188  iobus.o(.text)
    iobus_set_tcbn                           0x08006705   Thumb Code    54  iobus.o(.text)
    iobus_set_mode                           0x0800673b   Thumb Code   382  iobus.o(.text)
    iobus_set_output                         0x080068b9   Thumb Code    68  iobus.o(.text)
    iobus_get_ioinput                        0x080068fd   Thumb Code    62  iobus.o(.text)
    iobus_get_businput                       0x0800693b   Thumb Code   152  iobus.o(.text)
    iobus_set_nvic                           0x080069d3   Thumb Code   162  iobus.o(.text)
    iobus_reload                             0x08006a75   Thumb Code   192  iobus.o(.text)
    NVIC_PriorityGroupConfig                 0x08006bbd   Thumb Code    10  misc.o(.text)
    NVIC_Init                                0x08006bc7   Thumb Code   102  misc.o(.text)
    NVIC_SetVectorTable                      0x08006c2d   Thumb Code    14  misc.o(.text)
    NVIC_SystemLPConfig                      0x08006c3b   Thumb Code    34  misc.o(.text)
    SysTick_CLKSourceConfig                  0x08006c5d   Thumb Code    40  misc.o(.text)
    CAN_DeInit                               0x08006c99   Thumb Code    50  stm32f10x_can.o(.text)
    CAN_Init                                 0x08006ccb   Thumb Code   276  stm32f10x_can.o(.text)
    CAN_FilterInit                           0x08006ddf   Thumb Code   258  stm32f10x_can.o(.text)
    CAN_StructInit                           0x08006ee1   Thumb Code    32  stm32f10x_can.o(.text)
    CAN_SlaveStartBank                       0x08006f01   Thumb Code    48  stm32f10x_can.o(.text)
    CAN_ITConfig                             0x08006f31   Thumb Code    18  stm32f10x_can.o(.text)
    CAN_Transmit                             0x08006f43   Thumb Code   294  stm32f10x_can.o(.text)
    CAN_TransmitStatus                       0x08007069   Thumb Code   150  stm32f10x_can.o(.text)
    CAN_CancelTransmit                       0x080070ff   Thumb Code    48  stm32f10x_can.o(.text)
    CAN_FIFORelease                          0x0800712f   Thumb Code    14  stm32f10x_can.o(.text)
    CAN_MessagePending                       0x0800713d   Thumb Code    30  stm32f10x_can.o(.text)
    CAN_Receive                              0x0800715b   Thumb Code   234  stm32f10x_can.o(.text)
    CAN_DBGFreeze                            0x08007245   Thumb Code    22  stm32f10x_can.o(.text)
    CAN_Sleep                                0x0800725b   Thumb Code    30  stm32f10x_can.o(.text)
    CAN_WakeUp                               0x08007279   Thumb Code    48  stm32f10x_can.o(.text)
    CAN_GetFlagStatus                        0x080072a9   Thumb Code    18  stm32f10x_can.o(.text)
    CAN_ClearFlag                            0x080072bb   Thumb Code     8  stm32f10x_can.o(.text)
    CAN_GetITStatus                          0x080072d3   Thumb Code   238  stm32f10x_can.o(.text)
    CAN_ClearITPendingBit                    0x080073c1   Thumb Code   166  stm32f10x_can.o(.text)
    EXTI_DeInit                              0x08007469   Thumb Code    28  stm32f10x_exti.o(.text)
    EXTI_Init                                0x08007485   Thumb Code   142  stm32f10x_exti.o(.text)
    EXTI_StructInit                          0x08007513   Thumb Code    16  stm32f10x_exti.o(.text)
    EXTI_GenerateSWInterrupt                 0x08007523   Thumb Code    16  stm32f10x_exti.o(.text)
    EXTI_GetFlagStatus                       0x08007533   Thumb Code    22  stm32f10x_exti.o(.text)
    EXTI_ClearFlag                           0x08007549   Thumb Code     8  stm32f10x_exti.o(.text)
    EXTI_GetITStatus                         0x08007551   Thumb Code    34  stm32f10x_exti.o(.text)
    EXTI_ClearITPendingBit                   0x08007573   Thumb Code     8  stm32f10x_exti.o(.text)
    FLASH_SetLatency                         0x08007585   Thumb Code    18  stm32f10x_flash.o(.text)
    FLASH_HalfCycleAccessCmd                 0x08007597   Thumb Code    22  stm32f10x_flash.o(.text)
    FLASH_PrefetchBufferCmd                  0x080075ad   Thumb Code    22  stm32f10x_flash.o(.text)
    FLASH_Unlock                             0x080075c3   Thumb Code    12  stm32f10x_flash.o(.text)
    FLASH_UnlockBank1                        0x080075cf   Thumb Code    12  stm32f10x_flash.o(.text)
    FLASH_Lock                               0x080075db   Thumb Code    14  stm32f10x_flash.o(.text)
    FLASH_LockBank1                          0x080075e9   Thumb Code    14  stm32f10x_flash.o(.text)
    FLASH_GetBank1Status                     0x080075f7   Thumb Code    48  stm32f10x_flash.o(.text)
    FLASH_WaitForLastOperation               0x08007627   Thumb Code    38  stm32f10x_flash.o(.text)
    FLASH_ErasePage                          0x0800764d   Thumb Code    76  stm32f10x_flash.o(.text)
    FLASH_EraseAllPages                      0x08007699   Thumb Code    72  stm32f10x_flash.o(.text)
    FLASH_WaitForLastBank1Operation          0x080076e1   Thumb Code    38  stm32f10x_flash.o(.text)
    FLASH_EraseAllBank1Pages                 0x08007707   Thumb Code    72  stm32f10x_flash.o(.text)
    FLASH_GetReadOutProtectionStatus         0x0800774f   Thumb Code    20  stm32f10x_flash.o(.text)
    FLASH_EraseOptionBytes                   0x08007763   Thumb Code   150  stm32f10x_flash.o(.text)
    FLASH_ProgramWord                        0x080077f9   Thumb Code   110  stm32f10x_flash.o(.text)
    FLASH_ProgramHalfWord                    0x08007867   Thumb Code    64  stm32f10x_flash.o(.text)
    FLASH_ProgramOptionByteData              0x080078a7   Thumb Code    72  stm32f10x_flash.o(.text)
    FLASH_EnableWriteProtection              0x080078ef   Thumb Code   202  stm32f10x_flash.o(.text)
    FLASH_ReadOutProtection                  0x080079b9   Thumb Code   156  stm32f10x_flash.o(.text)
    FLASH_UserOptionByteConfig               0x08007a55   Thumb Code    88  stm32f10x_flash.o(.text)
    FLASH_GetUserOptionByte                  0x08007aad   Thumb Code     8  stm32f10x_flash.o(.text)
    FLASH_GetWriteProtectionOptionByte       0x08007ab5   Thumb Code     6  stm32f10x_flash.o(.text)
    FLASH_GetPrefetchBufferStatus            0x08007abb   Thumb Code    20  stm32f10x_flash.o(.text)
    FLASH_ITConfig                           0x08007acf   Thumb Code    26  stm32f10x_flash.o(.text)
    FLASH_GetFlagStatus                      0x08007ae9   Thumb Code    42  stm32f10x_flash.o(.text)
    FLASH_ClearFlag                          0x08007b13   Thumb Code     6  stm32f10x_flash.o(.text)
    FLASH_GetStatus                          0x08007b19   Thumb Code    48  stm32f10x_flash.o(.text)
    GPIO_DeInit                              0x08007b59   Thumb Code   172  stm32f10x_gpio.o(.text)
    GPIO_AFIODeInit                          0x08007c05   Thumb Code    20  stm32f10x_gpio.o(.text)
    GPIO_Init                                0x08007c19   Thumb Code   274  stm32f10x_gpio.o(.text)
    GPIO_StructInit                          0x08007d2b   Thumb Code    16  stm32f10x_gpio.o(.text)
    GPIO_ReadInputDataBit                    0x08007d3b   Thumb Code    18  stm32f10x_gpio.o(.text)
    GPIO_ReadInputData                       0x08007d4d   Thumb Code     8  stm32f10x_gpio.o(.text)
    GPIO_ReadOutputDataBit                   0x08007d55   Thumb Code    18  stm32f10x_gpio.o(.text)
    GPIO_ReadOutputData                      0x08007d67   Thumb Code     8  stm32f10x_gpio.o(.text)
    GPIO_SetBits                             0x08007d6f   Thumb Code     4  stm32f10x_gpio.o(.text)
    GPIO_ResetBits                           0x08007d73   Thumb Code     4  stm32f10x_gpio.o(.text)
    GPIO_WriteBit                            0x08007d77   Thumb Code    10  stm32f10x_gpio.o(.text)
    GPIO_Write                               0x08007d81   Thumb Code     4  stm32f10x_gpio.o(.text)
    GPIO_PinLockConfig                       0x08007d85   Thumb Code    18  stm32f10x_gpio.o(.text)
    GPIO_EventOutputConfig                   0x08007d97   Thumb Code    26  stm32f10x_gpio.o(.text)
    GPIO_EventOutputCmd                      0x08007db1   Thumb Code     6  stm32f10x_gpio.o(.text)
    GPIO_PinRemapConfig                      0x08007db7   Thumb Code   138  stm32f10x_gpio.o(.text)
    GPIO_EXTILineConfig                      0x08007e41   Thumb Code    66  stm32f10x_gpio.o(.text)
    GPIO_ETH_MediaInterfaceConfig            0x08007e83   Thumb Code     6  stm32f10x_gpio.o(.text)
    IWDG_WriteAccessCmd                      0x08007eb1   Thumb Code     6  stm32f10x_iwdg.o(.text)
    IWDG_SetPrescaler                        0x08007eb7   Thumb Code     6  stm32f10x_iwdg.o(.text)
    IWDG_SetReload                           0x08007ebd   Thumb Code     6  stm32f10x_iwdg.o(.text)
    IWDG_ReloadCounter                       0x08007ec3   Thumb Code    10  stm32f10x_iwdg.o(.text)
    IWDG_Enable                              0x08007ecd   Thumb Code    10  stm32f10x_iwdg.o(.text)
    IWDG_GetFlagStatus                       0x08007ed7   Thumb Code    20  stm32f10x_iwdg.o(.text)
    RCC_DeInit                               0x08007ef1   Thumb Code    64  stm32f10x_rcc.o(.text)
    RCC_HSEConfig                            0x08007f31   Thumb Code    70  stm32f10x_rcc.o(.text)
    RCC_GetFlagStatus                        0x08007f77   Thumb Code    56  stm32f10x_rcc.o(.text)
    RCC_WaitForHSEStartUp                    0x08007faf   Thumb Code    56  stm32f10x_rcc.o(.text)
    RCC_AdjustHSICalibrationValue            0x08007fe7   Thumb Code    20  stm32f10x_rcc.o(.text)
    RCC_HSICmd                               0x08007ffb   Thumb Code     6  stm32f10x_rcc.o(.text)
    RCC_PLLConfig                            0x08008001   Thumb Code    24  stm32f10x_rcc.o(.text)
    RCC_PLLCmd                               0x08008019   Thumb Code     6  stm32f10x_rcc.o(.text)
    RCC_SYSCLKConfig                         0x0800801f   Thumb Code    18  stm32f10x_rcc.o(.text)
    RCC_GetSYSCLKSource                      0x08008031   Thumb Code    10  stm32f10x_rcc.o(.text)
    RCC_HCLKConfig                           0x0800803b   Thumb Code    18  stm32f10x_rcc.o(.text)
    RCC_PCLK1Config                          0x0800804d   Thumb Code    18  stm32f10x_rcc.o(.text)
    RCC_PCLK2Config                          0x0800805f   Thumb Code    20  stm32f10x_rcc.o(.text)
    RCC_ITConfig                             0x08008073   Thumb Code    26  stm32f10x_rcc.o(.text)
    RCC_USBCLKConfig                         0x0800808d   Thumb Code     6  stm32f10x_rcc.o(.text)
    RCC_ADCCLKConfig                         0x08008093   Thumb Code    18  stm32f10x_rcc.o(.text)
    RCC_LSEConfig                            0x080080a5   Thumb Code    44  stm32f10x_rcc.o(.text)
    RCC_LSICmd                               0x080080d1   Thumb Code     6  stm32f10x_rcc.o(.text)
    RCC_RTCCLKConfig                         0x080080d7   Thumb Code    12  stm32f10x_rcc.o(.text)
    RCC_RTCCLKCmd                            0x080080e3   Thumb Code     8  stm32f10x_rcc.o(.text)
    RCC_GetClocksFreq                        0x080080eb   Thumb Code   192  stm32f10x_rcc.o(.text)
    RCC_AHBPeriphClockCmd                    0x080081ab   Thumb Code    26  stm32f10x_rcc.o(.text)
    RCC_APB2PeriphClockCmd                   0x080081c5   Thumb Code    26  stm32f10x_rcc.o(.text)
    RCC_APB1PeriphClockCmd                   0x080081df   Thumb Code    26  stm32f10x_rcc.o(.text)
    RCC_APB2PeriphResetCmd                   0x080081f9   Thumb Code    26  stm32f10x_rcc.o(.text)
    RCC_APB1PeriphResetCmd                   0x08008213   Thumb Code    26  stm32f10x_rcc.o(.text)
    RCC_BackupResetCmd                       0x0800822d   Thumb Code     8  stm32f10x_rcc.o(.text)
    RCC_ClockSecuritySystemCmd               0x08008235   Thumb Code     6  stm32f10x_rcc.o(.text)
    RCC_MCOConfig                            0x0800823b   Thumb Code     6  stm32f10x_rcc.o(.text)
    RCC_ClearFlag                            0x08008241   Thumb Code    14  stm32f10x_rcc.o(.text)
    RCC_GetITStatus                          0x0800824f   Thumb Code    20  stm32f10x_rcc.o(.text)
    RCC_ClearITPendingBit                    0x08008263   Thumb Code     6  stm32f10x_rcc.o(.text)
    SPI_I2S_DeInit                           0x08008295   Thumb Code    76  stm32f10x_spi.o(.text)
    SPI_Init                                 0x080082e1   Thumb Code    60  stm32f10x_spi.o(.text)
    I2S_Init                                 0x0800831d   Thumb Code   226  stm32f10x_spi.o(.text)
    SPI_StructInit                           0x080083ff   Thumb Code    24  stm32f10x_spi.o(.text)
    I2S_StructInit                           0x08008417   Thumb Code    20  stm32f10x_spi.o(.text)
    SPI_Cmd                                  0x0800842b   Thumb Code    24  stm32f10x_spi.o(.text)
    I2S_Cmd                                  0x08008443   Thumb Code    24  stm32f10x_spi.o(.text)
    SPI_I2S_ITConfig                         0x0800845b   Thumb Code    32  stm32f10x_spi.o(.text)
    SPI_I2S_DMACmd                           0x0800847b   Thumb Code    18  stm32f10x_spi.o(.text)
    SPI_I2S_SendData                         0x0800848d   Thumb Code     4  stm32f10x_spi.o(.text)
    SPI_I2S_ReceiveData                      0x08008491   Thumb Code     6  stm32f10x_spi.o(.text)
    SPI_NSSInternalSoftwareConfig            0x08008497   Thumb Code    30  stm32f10x_spi.o(.text)
    SPI_SSOutputCmd                          0x080084b5   Thumb Code    24  stm32f10x_spi.o(.text)
    SPI_DataSizeConfig                       0x080084cd   Thumb Code    18  stm32f10x_spi.o(.text)
    SPI_TransmitCRC                          0x080084df   Thumb Code    10  stm32f10x_spi.o(.text)
    SPI_CalculateCRC                         0x080084e9   Thumb Code    24  stm32f10x_spi.o(.text)
    SPI_GetCRC                               0x08008501   Thumb Code    16  stm32f10x_spi.o(.text)
    SPI_GetCRCPolynomial                     0x08008511   Thumb Code     6  stm32f10x_spi.o(.text)
    SPI_BiDirectionalLineConfig              0x08008517   Thumb Code    28  stm32f10x_spi.o(.text)
    SPI_I2S_GetFlagStatus                    0x08008533   Thumb Code    18  stm32f10x_spi.o(.text)
    SPI_I2S_ClearFlag                        0x08008545   Thumb Code     6  stm32f10x_spi.o(.text)
    SPI_I2S_GetITStatus                      0x0800854b   Thumb Code    52  stm32f10x_spi.o(.text)
    SPI_I2S_ClearITPendingBit                0x0800857f   Thumb Code    20  stm32f10x_spi.o(.text)
    TIM_DeInit                               0x080085a1   Thumb Code   424  stm32f10x_tim.o(.text)
    TIM_TimeBaseInit                         0x08008749   Thumb Code   122  stm32f10x_tim.o(.text)
    TIM_OC1Init                              0x080087c3   Thumb Code   132  stm32f10x_tim.o(.text)
    TIM_OC2Init                              0x08008847   Thumb Code   154  stm32f10x_tim.o(.text)
    TIM_OC3Init                              0x080088e1   Thumb Code   150  stm32f10x_tim.o(.text)
    TIM_OC4Init                              0x08008977   Thumb Code   182  stm32f10x_tim.o(.text)
    TIM_SetIC4Prescaler                      0x08008a2d   Thumb Code    26  stm32f10x_tim.o(.text)
    TIM_SetIC3Prescaler                      0x08008a97   Thumb Code    18  stm32f10x_tim.o(.text)
    TIM_SetIC2Prescaler                      0x08008af1   Thumb Code    26  stm32f10x_tim.o(.text)
    TIM_SetIC1Prescaler                      0x08008b5b   Thumb Code    18  stm32f10x_tim.o(.text)
    TIM_ICInit                               0x08008ba5   Thumb Code   110  stm32f10x_tim.o(.text)
    TIM_PWMIConfig                           0x08008c13   Thumb Code   124  stm32f10x_tim.o(.text)
    TIM_BDTRConfig                           0x08008c8f   Thumb Code    32  stm32f10x_tim.o(.text)
    TIM_TimeBaseStructInit                   0x08008caf   Thumb Code    18  stm32f10x_tim.o(.text)
    TIM_OCStructInit                         0x08008cc1   Thumb Code    20  stm32f10x_tim.o(.text)
    TIM_ICStructInit                         0x08008cd5   Thumb Code    18  stm32f10x_tim.o(.text)
    TIM_BDTRStructInit                       0x08008ce7   Thumb Code    18  stm32f10x_tim.o(.text)
    TIM_Cmd                                  0x08008cf9   Thumb Code    24  stm32f10x_tim.o(.text)
    TIM_CtrlPWMOutputs                       0x08008d11   Thumb Code    30  stm32f10x_tim.o(.text)
    TIM_ITConfig                             0x08008d2f   Thumb Code    18  stm32f10x_tim.o(.text)
    TIM_GenerateEvent                        0x08008d41   Thumb Code     4  stm32f10x_tim.o(.text)
    TIM_DMAConfig                            0x08008d45   Thumb Code    10  stm32f10x_tim.o(.text)
    TIM_DMACmd                               0x08008d4f   Thumb Code    18  stm32f10x_tim.o(.text)
    TIM_InternalClockConfig                  0x08008d61   Thumb Code    12  stm32f10x_tim.o(.text)
    TIM_SelectInputTrigger                   0x08008d6d   Thumb Code    18  stm32f10x_tim.o(.text)
    TIM_ITRxExternalClockConfig              0x08008d7f   Thumb Code    24  stm32f10x_tim.o(.text)
    TIM_TIxExternalClockConfig               0x08008d97   Thumb Code    62  stm32f10x_tim.o(.text)
    TIM_ETRConfig                            0x08008dd5   Thumb Code    36  stm32f10x_tim.o(.text)
    TIM_ETRClockMode1Config                  0x08008df9   Thumb Code    54  stm32f10x_tim.o(.text)
    TIM_ETRClockMode2Config                  0x08008e2f   Thumb Code    32  stm32f10x_tim.o(.text)
    TIM_PrescalerConfig                      0x08008e4f   Thumb Code     6  stm32f10x_tim.o(.text)
    TIM_CounterModeConfig                    0x08008e55   Thumb Code    18  stm32f10x_tim.o(.text)
    TIM_EncoderInterfaceConfig               0x08008e67   Thumb Code    66  stm32f10x_tim.o(.text)
    TIM_ForcedOC1Config                      0x08008ea9   Thumb Code    18  stm32f10x_tim.o(.text)
    TIM_ForcedOC2Config                      0x08008ebb   Thumb Code    26  stm32f10x_tim.o(.text)
    TIM_ForcedOC3Config                      0x08008ed5   Thumb Code    18  stm32f10x_tim.o(.text)
    TIM_ForcedOC4Config                      0x08008ee7   Thumb Code    26  stm32f10x_tim.o(.text)
    TIM_ARRPreloadConfig                     0x08008f01   Thumb Code    24  stm32f10x_tim.o(.text)
    TIM_SelectCOM                            0x08008f19   Thumb Code    24  stm32f10x_tim.o(.text)
    TIM_SelectCCDMA                          0x08008f31   Thumb Code    24  stm32f10x_tim.o(.text)
    TIM_CCPreloadControl                     0x08008f49   Thumb Code    24  stm32f10x_tim.o(.text)
    TIM_OC1PreloadConfig                     0x08008f61   Thumb Code    18  stm32f10x_tim.o(.text)
    TIM_OC2PreloadConfig                     0x08008f73   Thumb Code    26  stm32f10x_tim.o(.text)
    TIM_OC3PreloadConfig                     0x08008f8d   Thumb Code    18  stm32f10x_tim.o(.text)
    TIM_OC4PreloadConfig                     0x08008f9f   Thumb Code    26  stm32f10x_tim.o(.text)
    TIM_OC1FastConfig                        0x08008fb9   Thumb Code    18  stm32f10x_tim.o(.text)
    TIM_OC2FastConfig                        0x08008fcb   Thumb Code    26  stm32f10x_tim.o(.text)
    TIM_OC3FastConfig                        0x08008fe5   Thumb Code    18  stm32f10x_tim.o(.text)
    TIM_OC4FastConfig                        0x08008ff7   Thumb Code    26  stm32f10x_tim.o(.text)
    TIM_ClearOC1Ref                          0x08009011   Thumb Code    18  stm32f10x_tim.o(.text)
    TIM_ClearOC2Ref                          0x08009023   Thumb Code    24  stm32f10x_tim.o(.text)
    TIM_ClearOC3Ref                          0x0800903b   Thumb Code    18  stm32f10x_tim.o(.text)
    TIM_ClearOC4Ref                          0x0800904d   Thumb Code    24  stm32f10x_tim.o(.text)
    TIM_OC1PolarityConfig                    0x08009065   Thumb Code    18  stm32f10x_tim.o(.text)
    TIM_OC1NPolarityConfig                   0x08009077   Thumb Code    18  stm32f10x_tim.o(.text)
    TIM_OC2PolarityConfig                    0x08009089   Thumb Code    26  stm32f10x_tim.o(.text)
    TIM_OC2NPolarityConfig                   0x080090a3   Thumb Code    26  stm32f10x_tim.o(.text)
    TIM_OC3PolarityConfig                    0x080090bd   Thumb Code    26  stm32f10x_tim.o(.text)
    TIM_OC3NPolarityConfig                   0x080090d7   Thumb Code    26  stm32f10x_tim.o(.text)
    TIM_OC4PolarityConfig                    0x080090f1   Thumb Code    26  stm32f10x_tim.o(.text)
    TIM_CCxCmd                               0x0800910b   Thumb Code    30  stm32f10x_tim.o(.text)
    TIM_CCxNCmd                              0x08009129   Thumb Code    30  stm32f10x_tim.o(.text)
    TIM_SelectOCxM                           0x08009147   Thumb Code    82  stm32f10x_tim.o(.text)
    TIM_UpdateDisableConfig                  0x08009199   Thumb Code    24  stm32f10x_tim.o(.text)
    TIM_UpdateRequestConfig                  0x080091b1   Thumb Code    24  stm32f10x_tim.o(.text)
    TIM_SelectHallSensor                     0x080091c9   Thumb Code    24  stm32f10x_tim.o(.text)
    TIM_SelectOnePulseMode                   0x080091e1   Thumb Code    18  stm32f10x_tim.o(.text)
    TIM_SelectOutputTrigger                  0x080091f3   Thumb Code    18  stm32f10x_tim.o(.text)
    TIM_SelectSlaveMode                      0x08009205   Thumb Code    18  stm32f10x_tim.o(.text)
    TIM_SelectMasterSlaveMode                0x08009217   Thumb Code    18  stm32f10x_tim.o(.text)
    TIM_SetCounter                           0x08009229   Thumb Code     4  stm32f10x_tim.o(.text)
    TIM_SetAutoreload                        0x0800922d   Thumb Code     4  stm32f10x_tim.o(.text)
    TIM_SetCompare1                          0x08009231   Thumb Code     4  stm32f10x_tim.o(.text)
    TIM_SetCompare2                          0x08009235   Thumb Code     4  stm32f10x_tim.o(.text)
    TIM_SetCompare3                          0x08009239   Thumb Code     4  stm32f10x_tim.o(.text)
    TIM_SetCompare4                          0x0800923d   Thumb Code     6  stm32f10x_tim.o(.text)
    TIM_SetClockDivision                     0x08009243   Thumb Code    18  stm32f10x_tim.o(.text)
    TIM_GetCapture1                          0x08009255   Thumb Code     6  stm32f10x_tim.o(.text)
    TIM_GetCapture2                          0x0800925b   Thumb Code     6  stm32f10x_tim.o(.text)
    TIM_GetCapture3                          0x08009261   Thumb Code     6  stm32f10x_tim.o(.text)
    TIM_GetCapture4                          0x08009267   Thumb Code     8  stm32f10x_tim.o(.text)
    TIM_GetCounter                           0x0800926f   Thumb Code     6  stm32f10x_tim.o(.text)
    TIM_GetPrescaler                         0x08009275   Thumb Code     6  stm32f10x_tim.o(.text)
    TIM_GetFlagStatus                        0x0800927b   Thumb Code    18  stm32f10x_tim.o(.text)
    TIM_ClearFlag                            0x0800928d   Thumb Code     6  stm32f10x_tim.o(.text)
    TIM_GetITStatus                          0x08009293   Thumb Code    34  stm32f10x_tim.o(.text)
    TIM_ClearITPendingBit                    0x080092b5   Thumb Code     6  stm32f10x_tim.o(.text)
    USART_DeInit                             0x080092bd   Thumb Code   134  stm32f10x_usart.o(.text)
    USART_Init                               0x08009343   Thumb Code   210  stm32f10x_usart.o(.text)
    USART_StructInit                         0x08009415   Thumb Code    24  stm32f10x_usart.o(.text)
    USART_ClockInit                          0x0800942d   Thumb Code    34  stm32f10x_usart.o(.text)
    USART_ClockStructInit                    0x0800944f   Thumb Code    12  stm32f10x_usart.o(.text)
    USART_Cmd                                0x0800945b   Thumb Code    24  stm32f10x_usart.o(.text)
    USART_ITConfig                           0x08009473   Thumb Code    74  stm32f10x_usart.o(.text)
    USART_DMACmd                             0x080094bd   Thumb Code    18  stm32f10x_usart.o(.text)
    USART_SetAddress                         0x080094cf   Thumb Code    18  stm32f10x_usart.o(.text)
    USART_WakeUpConfig                       0x080094e1   Thumb Code    18  stm32f10x_usart.o(.text)
    USART_ReceiverWakeUpCmd                  0x080094f3   Thumb Code    24  stm32f10x_usart.o(.text)
    USART_LINBreakDetectLengthConfig         0x0800950b   Thumb Code    18  stm32f10x_usart.o(.text)
    USART_LINCmd                             0x0800951d   Thumb Code    24  stm32f10x_usart.o(.text)
    USART_SendData                           0x08009535   Thumb Code     8  stm32f10x_usart.o(.text)
    USART_ReceiveData                        0x0800953d   Thumb Code    10  stm32f10x_usart.o(.text)
    USART_SendBreak                          0x08009547   Thumb Code    10  stm32f10x_usart.o(.text)
    USART_SetGuardTime                       0x08009551   Thumb Code    16  stm32f10x_usart.o(.text)
    USART_SetPrescaler                       0x08009561   Thumb Code    16  stm32f10x_usart.o(.text)
    USART_SmartCardCmd                       0x08009571   Thumb Code    24  stm32f10x_usart.o(.text)
    USART_SmartCardNACKCmd                   0x08009589   Thumb Code    24  stm32f10x_usart.o(.text)
    USART_HalfDuplexCmd                      0x080095a1   Thumb Code    24  stm32f10x_usart.o(.text)
    USART_OverSampling8Cmd                   0x080095b9   Thumb Code    22  stm32f10x_usart.o(.text)
    USART_OneBitMethodCmd                    0x080095cf   Thumb Code    24  stm32f10x_usart.o(.text)
    USART_IrDAConfig                         0x080095e7   Thumb Code    18  stm32f10x_usart.o(.text)
    USART_IrDACmd                            0x080095f9   Thumb Code    24  stm32f10x_usart.o(.text)
    USART_GetFlagStatus                      0x08009611   Thumb Code    26  stm32f10x_usart.o(.text)
    USART_ClearFlag                          0x0800962b   Thumb Code    18  stm32f10x_usart.o(.text)
    USART_GetITStatus                        0x0800963d   Thumb Code    84  stm32f10x_usart.o(.text)
    USART_ClearITPendingBit                  0x08009691   Thumb Code    52  stm32f10x_usart.o(.text)
    __aeabi_memcpy                           0x080096c5   Thumb Code    36  memcpya.o(.text)
    __aeabi_memcpy4                          0x080096c5   Thumb Code     0  memcpya.o(.text)
    __aeabi_memcpy8                          0x080096c5   Thumb Code     0  memcpya.o(.text)
    __aeabi_fadd                             0x080096e9   Thumb Code   164  fadd.o(.text)
    __aeabi_fsub                             0x0800978d   Thumb Code     6  fadd.o(.text)
    __aeabi_frsub                            0x08009793   Thumb Code     6  fadd.o(.text)
    __aeabi_fmul                             0x08009799   Thumb Code   108  fmul.o(.text)
    __aeabi_fdiv                             0x08009805   Thumb Code   128  fdiv.o(.text)
    __aeabi_dadd                             0x08009885   Thumb Code   322  dadd.o(.text)
    __aeabi_dsub                             0x080099c7   Thumb Code     6  dadd.o(.text)
    __aeabi_drsub                            0x080099cd   Thumb Code     6  dadd.o(.text)
    __aeabi_dmul                             0x080099d3   Thumb Code   228  dmul.o(.text)
    __aeabi_ddiv                             0x08009ab7   Thumb Code   222  ddiv.o(.text)
    __aeabi_ui2f                             0x08009b95   Thumb Code    10  ffltui.o(.text)
    __aeabi_i2d                              0x08009b9f   Thumb Code    34  dflti.o(.text)
    __aeabi_ui2d                             0x08009bc1   Thumb Code    26  dfltui.o(.text)
    __aeabi_d2uiz                            0x08009bdb   Thumb Code    50  dfixui.o(.text)
    __aeabi_f2d                              0x08009c0d   Thumb Code    38  f2d.o(.text)
    __aeabi_d2f                              0x08009c33   Thumb Code    56  d2f.o(.text)
    __aeabi_cfcmpeq                          0x08009c6d   Thumb Code     0  cfcmple.o(.text)
    __aeabi_cfcmple                          0x08009c6d   Thumb Code    20  cfcmple.o(.text)
    __aeabi_uidiv                            0x08009c81   Thumb Code     0  uidiv.o(.text)
    __aeabi_uidivmod                         0x08009c81   Thumb Code    44  uidiv.o(.text)
    __aeabi_llsl                             0x08009cad   Thumb Code    30  llshl.o(.text)
    _ll_shift_l                              0x08009cad   Thumb Code     0  llshl.o(.text)
    __aeabi_llsr                             0x08009ccb   Thumb Code    32  llushr.o(.text)
    _ll_ushift_r                             0x08009ccb   Thumb Code     0  llushr.o(.text)
    __aeabi_lasr                             0x08009ceb   Thumb Code    36  llsshr.o(.text)
    _ll_sshift_r                             0x08009ceb   Thumb Code     0  llsshr.o(.text)
    __I$use$fp                               0x08009d0f   Thumb Code     0  iusefp.o(.text)
    _float_round                             0x08009d0f   Thumb Code    18  fepilogue.o(.text)
    _float_epilogue                          0x08009d21   Thumb Code    90  fepilogue.o(.text)
    _double_round                            0x08009d7b   Thumb Code    26  depilogue.o(.text)
    _double_epilogue                         0x08009d95   Thumb Code   164  depilogue.o(.text)
    __aeabi_cdrcmple                         0x08009e39   Thumb Code    38  cdrcmple.o(.text)
    __scatterload                            0x08009e61   Thumb Code    28  init.o(.text)
    __scatterload_rt2                        0x08009e61   Thumb Code     0  init.o(.text)
    __decompress                             0x08009e85   Thumb Code     0  __dczerorl2.o(.text)
    __decompress1                            0x08009e85   Thumb Code    92  __dczerorl2.o(.text)
    __0sprintf$1                             0x08009ee1   Thumb Code    34  printf1.o(i.__0sprintf$1)
    __1sprintf$1                             0x08009ee1   Thumb Code     0  printf1.o(i.__0sprintf$1)
    __2sprintf                               0x08009ee1   Thumb Code     0  printf1.o(i.__0sprintf$1)
    __scatterload_copy                       0x08009f09   Thumb Code    14  handlers.o(i.__scatterload_copy)
    __scatterload_null                       0x08009f17   Thumb Code     2  handlers.o(i.__scatterload_null)
    __scatterload_zeroinit                   0x08009f19   Thumb Code    14  handlers.o(i.__scatterload_zeroinit)
    floor                                    0x0800a089   Thumb Code   204  floor.o(i.floor)
    IOBUS_EN_CLK                             0x0800a164   Data           8  iobus.o(.constdata)
    IOBUSA_CLK                               0x0800a16c   Data          16  iobus.o(.constdata)
    IOBUSB_CLK                               0x0800a17c   Data          16  iobus.o(.constdata)
    IOBUS_EN_PIN                             0x0800a18c   Data           4  iobus.o(.constdata)
    IOBUSA_PIN                               0x0800a190   Data           8  iobus.o(.constdata)
    IOBUSB_PIN                               0x0800a198   Data           8  iobus.o(.constdata)
    IOBUSA_PORTS                             0x0800a1a0   Data           4  iobus.o(.constdata)
    IOBUSA_PINS                              0x0800a1a4   Data           4  iobus.o(.constdata)
    IOBUSA_EXTI                              0x0800a1a8   Data          16  iobus.o(.constdata)
    IOBUSB_PORTS                             0x0800a1b8   Data           4  iobus.o(.constdata)
    IOBUSB_PINS                              0x0800a1bc   Data           4  iobus.o(.constdata)
    IOBUSB_EXTI                              0x0800a1c0   Data          16  iobus.o(.constdata)
    Region$$Table$$Base                      0x0800a1d0   Number         0  anon$$obj.o(Region$$Table)
    Region$$Table$$Limit                     0x0800a1f0   Number         0  anon$$obj.o(Region$$Table)
    GPIOX                                    0x20000000   Data           4  utmcu.o(.data)
    GPIOX_LP                                 0x20000004   Data           4  utmcu.o(.data)
    GPIOX_LPIN                               0x20000008   Data           2  utmcu.o(.data)
    GPIOX_PT                                 0x2000000c   Data           4  utmcu.o(.data)
    GPIOX_PPIN                               0x20000010   Data           2  utmcu.o(.data)
    stInt                                    0x20000014   Data           4  utosal.o(.data)
    ut1ms                                    0x20000018   Data           4  utosal.o(.data)
    motor_abs                                0x2000003c   Data          28  utevtproc.o(.data)
    enc_abs                                  0x20000058   Data          28  utevtproc.o(.data)
    multi_test_cmd                           0x20000074   Data           1  utevtproc.o(.data)
    cal_step                                 0x20000078   Data           4  utevtproc.o(.data)
    abs_cal                                  0x2000007c   Data           2  utevtproc.o(.data)
    reset_flag                               0x2000007e   Data           1  utevtproc.o(.data)
    cc                                       0x2000007f   Data           1  utevtproc.o(.data)
    utpPtb                                   0x20000090   Data           4  utprt.o(.data)
    motor_device_x                           0x20000094   Data          56  motor_config.o(.data)
    motor_device_y                           0x200000cc   Data          56  motor_config.o(.data)
    motor_device_z                           0x20000104   Data          56  motor_config.o(.data)
    can_state                                0x2000013c   Data           3  can_receive.o(.data)
    can_parameter                            0x20000140   Data           4  can_configure.o(.data)
    tmcs_rfsn_ctr                            0x20000144   Data           1  tmcs_bsp.o(.data)
    tmcs_rfsc_ctr                            0x20000145   Data           1  tmcs_bsp.o(.data)
    IOBUS_EN_PORT                            0x20000150   Data           8  iobus.o(.data)
    IOBUSA_PORT                              0x20000158   Data          16  iobus.o(.data)
    IOBUSB_PORT                              0x20000168   Data          16  iobus.o(.data)
    IOBUSA_NVIC                              0x20000178   Data           4  iobus.o(.data)
    IOBUSB_NVIC                              0x2000017c   Data           4  iobus.o(.data)
    str                                      0x20000194   Data         100  utboard.o(.bss)
    dSPIN_RegsStruct                         0x200001f8   Data          48  motor.o(.bss)
    g_tCanTxMsg                              0x20000228   Data          20  can_network.o(.bss)
    g_tCanRxMsg                              0x2000023c   Data          20  can_network.o(.bss)
    CAN_InitStructure                        0x20000250   Data          12  can_network.o(.bss)
    can_rxmsg                                0x2000025c   Data          20  can_receive.o(.bss)
    t_tmcs_motor0                            0x20000270   Data         480  tmcs_process.o(.bss)
    t_tmcs_motor1                            0x20000450   Data         480  tmcs_process.o(.bss)
    t_tmcs_motor2                            0x20000630   Data         480  tmcs_process.o(.bss)
    strctStore                               0x20000810   Data        1632  flash.o(.bss)
    IOBUSA_TCB                               0x20000e70   Data          12  iobus.o(.bss)
    IOBUSB_TCB                               0x20000e7c   Data          12  iobus.o(.bss)
    __initial_sp                             0x20001088   Data           0  startup_stm32f10x_hd.o(STACK)



==============================================================================

Memory Map of the image

  Image Entry point : 0x08002131

  Load Region LR_IROM1 (Base: 0x08002000, Size: 0x00008384, Max: 0x00040000, ABSOLUTE, COMPRESSED[0x00008284])

    Execution Region ER_IROM1 (Base: 0x08002000, Size: 0x000081f0, Max: 0x00040000, ABSOLUTE)

    Base Addr    Size         Type   Attr      Idx    E Section Name        Object

    0x08002000   0x00000130   Data   RO           80    RESET               startup_stm32f10x_hd.o
    0x08002130   0x00000000   Code   RO          788  * .ARM.Collect$$$$00000000  mc_w.l(entry.o)
    0x08002130   0x00000004   Code   RO         1082    .ARM.Collect$$$$00000001  mc_w.l(entry2.o)
    0x08002134   0x00000004   Code   RO         1085    .ARM.Collect$$$$00000004  mc_w.l(entry5.o)
    0x08002138   0x00000000   Code   RO         1087    .ARM.Collect$$$$00000008  mc_w.l(entry7b.o)
    0x08002138   0x00000000   Code   RO         1089    .ARM.Collect$$$$0000000A  mc_w.l(entry8b.o)
    0x08002138   0x00000008   Code   RO         1090    .ARM.Collect$$$$0000000B  mc_w.l(entry9a.o)
    0x08002140   0x00000000   Code   RO         1092    .ARM.Collect$$$$0000000D  mc_w.l(entry10a.o)
    0x08002140   0x00000000   Code   RO         1094    .ARM.Collect$$$$0000000F  mc_w.l(entry11a.o)
    0x08002140   0x00000004   Code   RO         1083    .ARM.Collect$$$$00002712  mc_w.l(entry2.o)
    0x08002144   0x00000030   Code   RO           81    .text               startup_stm32f10x_hd.o
    0x08002174   0x00000214   Code   RO           85    .text               main.o
    0x08002388   0x00000174   Code   RO          187    .text               stm32f10x_it.o
    0x080024fc   0x00000234   Code   RO          202    .text               utmcu.o
    0x08002730   0x00000016   Code   RO          223    .text               cpu_a.o
    0x08002746   0x00000002   PAD
    0x08002748   0x0000031c   Code   RO          226    .text               utosal.o
    0x08002a64   0x0000017c   Code   RO          244    .text               utboard.o
    0x08002be0   0x00000034   Code   RO          262    .text               uttest.o
    0x08002c14   0x000003d4   Code   RO          277    .text               utevtproc.o
    0x08002fe8   0x000003dc   Code   RO          292    .text               utprt.o
    0x080033c4   0x00000154   Code   RO          317    .text               encoder.o
    0x08003518   0x000008a0   Code   RO          335    .text               dspin.o
    0x08003db8   0x0000028c   Code   RO          350    .text               motor.o
    0x08004044   0x000007b0   Code   RO          368    .text               motor_cal.o
    0x080047f4   0x000001b0   Code   RO          393    .text               can_network.o
    0x080049a4   0x00000674   Code   RO          411    .text               can_receive.o
    0x08005018   0x000009ac   Code   RO          442    .text               tmcs_process.o
    0x080059c4   0x000002a0   Code   RO          460    .text               flash.o
    0x08005c64   0x00000748   Code   RO          482    .text               tmcs_bsp.o
    0x080063ac   0x00000810   Code   RO          503    .text               iobus.o
    0x08006bbc   0x000000dc   Code   RO          525    .text               STM32F10xR3.lib(misc.o)
    0x08006c98   0x000007ce   Code   RO          598    .text               STM32F10xR3.lib(stm32f10x_can.o)
    0x08007466   0x00000002   PAD
    0x08007468   0x0000011c   Code   RO          621    .text               STM32F10xR3.lib(stm32f10x_exti.o)
    0x08007584   0x000005d4   Code   RO          641    .text               STM32F10xR3.lib(stm32f10x_flash.o)
    0x08007b58   0x00000358   Code   RO          661    .text               STM32F10xR3.lib(stm32f10x_gpio.o)
    0x08007eb0   0x00000040   Code   RO          681    .text               STM32F10xR3.lib(stm32f10x_iwdg.o)
    0x08007ef0   0x000003a4   Code   RO          704    .text               STM32F10xR3.lib(stm32f10x_rcc.o)
    0x08008294   0x0000030c   Code   RO          726    .text               STM32F10xR3.lib(stm32f10x_spi.o)
    0x080085a0   0x00000d1a   Code   RO          746    .text               STM32F10xR3.lib(stm32f10x_tim.o)
    0x080092ba   0x00000002   PAD
    0x080092bc   0x00000408   Code   RO          766    .text               STM32F10xR3.lib(stm32f10x_usart.o)
    0x080096c4   0x00000024   Code   RO          791    .text               mc_w.l(memcpya.o)
    0x080096e8   0x000000b0   Code   RO         1056    .text               mf_w.l(fadd.o)
    0x08009798   0x0000006c   Code   RO         1058    .text               mf_w.l(fmul.o)
    0x08009804   0x00000080   Code   RO         1060    .text               mf_w.l(fdiv.o)
    0x08009884   0x0000014e   Code   RO         1062    .text               mf_w.l(dadd.o)
    0x080099d2   0x000000e4   Code   RO         1064    .text               mf_w.l(dmul.o)
    0x08009ab6   0x000000de   Code   RO         1066    .text               mf_w.l(ddiv.o)
    0x08009b94   0x0000000a   Code   RO         1068    .text               mf_w.l(ffltui.o)
    0x08009b9e   0x00000022   Code   RO         1070    .text               mf_w.l(dflti.o)
    0x08009bc0   0x0000001a   Code   RO         1072    .text               mf_w.l(dfltui.o)
    0x08009bda   0x00000032   Code   RO         1074    .text               mf_w.l(dfixui.o)
    0x08009c0c   0x00000026   Code   RO         1076    .text               mf_w.l(f2d.o)
    0x08009c32   0x00000038   Code   RO         1078    .text               mf_w.l(d2f.o)
    0x08009c6a   0x00000002   PAD
    0x08009c6c   0x00000014   Code   RO         1080    .text               mf_w.l(cfcmple.o)
    0x08009c80   0x0000002c   Code   RO         1097    .text               mc_w.l(uidiv.o)
    0x08009cac   0x0000001e   Code   RO         1101    .text               mc_w.l(llshl.o)
    0x08009cca   0x00000020   Code   RO         1103    .text               mc_w.l(llushr.o)
    0x08009cea   0x00000024   Code   RO         1105    .text               mc_w.l(llsshr.o)
    0x08009d0e   0x00000000   Code   RO         1107    .text               mc_w.l(iusefp.o)
    0x08009d0e   0x0000006c   Code   RO         1108    .text               mf_w.l(fepilogue.o)
    0x08009d7a   0x000000be   Code   RO         1110    .text               mf_w.l(depilogue.o)
    0x08009e38   0x00000028   Code   RO         1114    .text               mf_w.l(cdrcmple.o)
    0x08009e60   0x00000024   Code   RO         1116    .text               mc_w.l(init.o)
    0x08009e84   0x0000005c   Code   RO         1126    .text               mc_w.l(__dczerorl2.o)
    0x08009ee0   0x00000028   Code   RO          842    i.__0sprintf$1      mc_w.l(printf1.o)
    0x08009f08   0x0000000e   Code   RO         1120    i.__scatterload_copy  mc_w.l(handlers.o)
    0x08009f16   0x00000002   Code   RO         1121    i.__scatterload_null  mc_w.l(handlers.o)
    0x08009f18   0x0000000e   Code   RO         1122    i.__scatterload_zeroinit  mc_w.l(handlers.o)
    0x08009f26   0x00000002   PAD
    0x08009f28   0x00000154   Code   RO          847    i._printf_core      mc_w.l(printf1.o)
    0x0800a07c   0x0000000a   Code   RO          849    i._sputc            mc_w.l(printf1.o)
    0x0800a086   0x00000002   PAD
    0x0800a088   0x000000dc   Code   RO          785    i.floor             m_ws.l(floor.o)
    0x0800a164   0x0000006c   Data   RO          505    .constdata          iobus.o
    0x0800a1d0   0x00000020   Data   RO         1118    Region$$Table       anon$$obj.o


    Execution Region RW_IRAM1 (Base: 0x20000000, Size: 0x00001088, Max: 0x0000c000, ABSOLUTE, COMPRESSED[0x00000094])

    Base Addr    Size         Type   Attr      Idx    E Section Name        Object

    0x20000000   0x00000012   Data   RW          203    .data               utmcu.o
    0x20000012   0x00000002   PAD
    0x20000014   0x00000028   Data   RW          227    .data               utosal.o
    0x2000003c   0x00000054   Data   RW          278    .data               utevtproc.o
    0x20000090   0x00000004   Data   RW          293    .data               utprt.o
    0x20000094   0x000000a8   Data   RW          380    .data               motor_config.o
    0x2000013c   0x00000003   Data   RW          413    .data               can_receive.o
    0x2000013f   0x00000001   PAD
    0x20000140   0x00000004   Data   RW          430    .data               can_configure.o
    0x20000144   0x0000000a   Data   RW          483    .data               tmcs_bsp.o
    0x2000014e   0x00000002   PAD
    0x20000150   0x00000030   Data   RW          506    .data               iobus.o
    0x20000180   0x00000014   Data   RW          705    .data               STM32F10xR3.lib(stm32f10x_rcc.o)
    0x20000194   0x00000064   Zero   RW          245    .bss                utboard.o
    0x200001f8   0x00000030   Zero   RW          351    .bss                motor.o
    0x20000228   0x00000034   Zero   RW          394    .bss                can_network.o
    0x2000025c   0x00000014   Zero   RW          412    .bss                can_receive.o
    0x20000270   0x000005a0   Zero   RW          443    .bss                tmcs_process.o
    0x20000810   0x00000660   Zero   RW          461    .bss                flash.o
    0x20000e70   0x00000018   Zero   RW          504    .bss                iobus.o
    0x20000e88   0x00000200   Zero   RW           78    STACK               startup_stm32f10x_hd.o


==============================================================================

Image component sizes


      Code (inc. data)   RO Data    RW Data    ZI Data      Debug   Object Name

         0          0          0          4          0        740   can_configure.o
       432         28          0          0         52       1815   can_network.o
      1652        888          0          3         20       4789   can_receive.o
         0          0          0          0          0       4244   core_cm3.o
        22          0          0          0          0        220   cpu_a.o
      2208         40          0          0          0       7238   dspin.o
       340         38          0          0          0        958   encoder.o
       672         78          0          0       1632       3121   flash.o
      2064        256        108         48         24       7862   iobus.o
       532        280          0          0          0      23493   main.o
       652        140          0          0         48       1616   motor.o
      1968        144          0          0          0       3584   motor_cal.o
         0          0          0        168          0       3535   motor_config.o
        48         12        304          0        512        816   startup_stm32f10x_hd.o
       372        122          0          0          0       2505   stm32f10x_it.o
         0          0          0          0          0     246584   system_stm32f10x.o
      1864        618          0         10          0       3218   tmcs_bsp.o
      2476        724          0          0       1440       6147   tmcs_process.o
       380         18          0          0        100       2162   utboard.o
       980        256          0         84          0       2483   utevtproc.o
       564         40          0         18          0       2333   utmcu.o
       796         72          0         40          0       2876   utosal.o
       988         56          0          4          0       3396   utprt.o
        52         10          0          0          0        661   uttest.o

    ----------------------------------------------------------------------
     19064       3820        444        384       3828     336396   Object Totals
         0          0         32          0          0          0   (incl. Generated)
         2          0          0          5          0          0   (incl. Padding)

    ----------------------------------------------------------------------

      Code (inc. data)   RO Data    RW Data    ZI Data      Debug   Library Member Name

       220         20          0          0          0     262345   misc.o
      1998          8          0          0          0      12771   stm32f10x_can.o
       284         10          0          0          0       2147   stm32f10x_exti.o
      1492         34          0          0          0       7990   stm32f10x_flash.o
       856         40          0          0          0       5561   stm32f10x_gpio.o
        64          6          0          0          0       1221   stm32f10x_iwdg.o
       932         44          0         20          0       8692   stm32f10x_rcc.o
       780         14          0          0          0       6438   stm32f10x_spi.o
      3354         74          0          0          0      21840   stm32f10x_tim.o
      1032         22          0          0          0       8284   stm32f10x_usart.o
       220         16          0          0          0         84   floor.o
        92          0          0          0          0          0   __dczerorl2.o
         0          0          0          0          0          0   entry.o
         0          0          0          0          0          0   entry10a.o
         0          0          0          0          0          0   entry11a.o
         8          4          0          0          0          0   entry2.o
         4          0          0          0          0          0   entry5.o
         0          0          0          0          0          0   entry7b.o
         0          0          0          0          0          0   entry8b.o
         8          4          0          0          0          0   entry9a.o
        30          0          0          0          0          0   handlers.o
        36          8          0          0          0         68   init.o
         0          0          0          0          0          0   iusefp.o
        30          0          0          0          0         68   llshl.o
        36          0          0          0          0         68   llsshr.o
        32          0          0          0          0         68   llushr.o
        36          0          0          0          0         68   memcpya.o
       390         12          0          0          0        248   printf1.o
        44          0          0          0          0         80   uidiv.o
        40          2          0          0          0         68   cdrcmple.o
        20          0          0          0          0         68   cfcmple.o
        56          0          0          0          0         88   d2f.o
       334          0          0          0          0        148   dadd.o
       222          0          0          0          0        100   ddiv.o
       190          0          0          0          0        176   depilogue.o
        50          0          0          0          0         76   dfixui.o
        34          0          0          0          0         76   dflti.o
        26          0          0          0          0         76   dfltui.o
       228          0          0          0          0         96   dmul.o
        38          0          0          0          0         68   f2d.o
       176          0          0          0          0        140   fadd.o
       128          0          0          0          0         88   fdiv.o
       108          0          0          0          0        168   fepilogue.o
        10          0          0          0          0         68   ffltui.o
       108          0          0          0          0         76   fmul.o

    ----------------------------------------------------------------------
     13756        318          0         20          0     339621   Library Totals
        10          0          0          0          0          0   (incl. Padding)

    ----------------------------------------------------------------------

      Code (inc. data)   RO Data    RW Data    ZI Data      Debug   Library Name

     11012        272          0         20          0     337289   STM32F10xR3.lib
       220         16          0          0          0         84   m_ws.l
       746         28          0          0          0        668   mc_w.l
      1768          2          0          0          0       1580   mf_w.l

    ----------------------------------------------------------------------
     13756        318          0         20          0     339621   Library Totals

    ----------------------------------------------------------------------

==============================================================================


      Code (inc. data)   RO Data    RW Data    ZI Data      Debug   

     32820       4138        444        404       3828     672065   Grand Totals
     32820       4138        444        148       3828     672065   ELF Image Totals (compressed)
     32820       4138        444        148          0          0   ROM Totals

==============================================================================

    Total RO  Size (Code + RO Data)                33264 (  32.48kB)
    Total RW  Size (RW Data + ZI Data)              4232 (   4.13kB)
    Total ROM Size (Code + RO Data + RW Data)      33412 (  32.63kB)

==============================================================================

